python : C:\Users\Administ
rateur\AppData\Local\Progr
ams\Python\Python313\Lib\s
ite-packages\pydantic\type
_adapter.py:572: 
UserWarning: Pydantic 
serializer warnings:
At line:1 char:1
+ python 
test_sales_agent.py > 
test_output.txt 2>&1; cat 
test_output.tx ...
+ ~~~~~~~~~~~~~~~~~~~~~~~~
~~~~~~~~~~~~~~~~~~~~~~~~~
    + CategoryInfo        
      : NotSpecified: (C  
  :\Users\Admini...lize   
 r warnings::String) [    
], RemoteException
    + FullyQualifiedError 
   Id : NativeCommandErr  
  or
 
  PydanticSerializationUne
xpectedValue(Expected 
`list[any]` - serialized 
value may not be as 
expected 
[input_value='unknown', 
input_type=str])
  return 
self.serializer.to_python(

Starting Sales Intelligence Agent Verification...

--- TEST CASE 1: Technology SME (Conservative) ---
Agent Message:
As the CEO of TechFlow, you're taking a forward-thinking approach to stay ahead of the competition, which is great. I've taken a look at your company profile and noticed that you have a medium-sized team and a moderate risk attitude. Given your concerns about cost stability, I'd like to emphasize that we can work together to find a solution that provides a strong return on investment while minimizing potential risks.

With a financial literacy score of 3.5, I'll make sure to explain the concepts in a clear and concise manner. Our goal is to find a cloud infrastructure solution that not only meets your current needs but also scales with your business, providing a secure and stable environment for your operations.

To better understand your requirements, can you tell me a bit more about your current revenue and what you've allocated for IT infrastructure upgrades in the next quarter? Additionally, what are the biggest pain points you're experiencing with your current cloud setup?

Updated Profile: {'company_name': 'TechFlow', 'sector': 'Technology', 'sme_type': None, 'sme_size': 'Medium (50-99 employees)', 'annual_revenue': None, 'financial_health': None, 'pain_points': None, 'goals': None, 'budget': None, 'decision_timeline': None}
Recommendations: []
Next Steps: []
DNA Tone Check (Security focused?): [PASS]

--- TEST CASE 2: Healthcare Clinic (Simplicity needed) ---
Agent Message:
As a small clinic, you wear many hats, and managing your practice efficiently is crucial to delivering quality patient care. Data-driven practice management is about using data and analytics to inform your decisions, rather than relying on intuition or trial and error.

Think of it like this: with d...
DNA Tone Check (Simplicity?): [FAIL]
